<?xml version="1.0" encoding="UTF-8" ?>
<testsuites name="vitest tests" tests="4" failures="0" errors="0" time="0.0041029">
    <testsuite name="src/lib/hooks/use-previous-month.test.ts" timestamp="2025-08-28T23:54:54.262Z" hostname="BESTPC" tests="4" failures="0" errors="0" skipped="0" time="0.0041029">
        <testcase classname="src/lib/hooks/use-previous-month.test.ts" name="usePreviousMonth &gt; should return the previous month and same year for months 2-12" time="0.0022161">
        </testcase>
        <testcase classname="src/lib/hooks/use-previous-month.test.ts" name="usePreviousMonth &gt; should return December of previous year when current month is January" time="0.0003153">
        </testcase>
        <testcase classname="src/lib/hooks/use-previous-month.test.ts" name="usePreviousMonth &gt; should handle leap years correctly" time="0.0003902">
        </testcase>
        <testcase classname="src/lib/hooks/use-previous-month.test.ts" name="usePreviousMonth &gt; should handle year transitions correctly" time="0.0001777">
        </testcase>
    </testsuite>
</testsuites>
